
> @starter-club/super-admin@0.1.0 build
> next build

⚠ Warning: Next.js inferred your workspace root, but it may not be correct.
 We detected multiple lockfiles and selected the directory of /Users/stephenstokes/package-lock.json as the root directory.
 To silence this warning, set `turbopack.root` in your Next.js config, or consider removing one of the lockfiles if it's not needed.
   See https://nextjs.org/docs/app/api-reference/config/next-config-js/turbopack#root-directory for more information.
 Detected additional lockfiles: 
   * /Users/stephenstokes/Downloads/Projects/12 December 2025/Starter Club/package-lock.json

▲ Next.js 16.1.0 (Turbopack)
- Environments: .env.local

  Creating an optimized production build ...
✓ Compiled successfully in 3.2s
  Running TypeScript ...
Failed to compile.

./src/app/(dashboard)/system/users/UsersClient.tsx:81:46
Type error: Cannot find name 'createOrgAction'.

[0m [90m 79 |[39m         setLoading([36mtrue[39m)[33m;[39m
 [90m 80 |[39m         [36mtry[39m {
[31m[1m>[22m[39m[90m 81 |[39m             [36mconst[39m { success[33m,[39m error } [33m=[39m [36mawait[39m createOrgAction(newOrgName)[33m;[39m
 [90m    |[39m                                              [31m[1m^[22m[39m
 [90m 82 |[39m             [36mif[39m ([33m![39msuccess) [36mthrow[39m [36mnew[39m [33mError[39m(error)[33m;[39m
 [90m 83 |[39m             toast({ title[33m:[39m [32m"Organization created!"[39m })[33m;[39m
 [90m 84 |[39m             setNewOrgName([32m""[39m)[33m;[39m[0m
Next.js build worker exited with code: 1 and signal: null
npm error Lifecycle script `build` failed with error:
npm error code 1
npm error path /Users/stephenstokes/Downloads/Projects/12 December 2025/Starter Club/apps/super-admin
npm error workspace @starter-club/super-admin@0.1.0
npm error location /Users/stephenstokes/Downloads/Projects/12 December 2025/Starter Club/apps/super-admin
npm error command failed
npm error command sh -c next build
